// Jest Snapshot v1, https://goo.gl/fbAQLP

exports[`Input renderiza com cores customizadas 1`] = `
<View
  style={
    [
      {
        "marginBottom": 10,
      },
      undefined,
    ]
  }
>
  <TextInput
    autoCapitalize="sentences"
    editable={true}
    keyboardType="default"
    onChangeText={[MockFunction]}
    placeholderTextColor="#3d6b3f"
    style={
      [
        {
          "borderRadius": 7,
          "borderWidth": 0.5,
          "fontSize": 13,
          "height": 38,
          "paddingHorizontal": 10,
        },
        {
          "backgroundColor": "#000",
          "borderColor": "#fff",
          "color": "#f00",
        },
        undefined,
      ]
    }
    value=""
  />
</View>
`;
