// Jest Snapshot v1, https://goo.gl/fbAQLP

exports[`RootNavigator exibe spinner de carregamento quando loading=true 1`] = `
<View
  style={
    {
      "alignItems": "center",
      "backgroundColor": "#0d1a0e",
      "flex": 1,
      "justifyContent": "center",
    }
  }
>
  <ActivityIndicator
    color="#6dbf74"
    size="large"
  />
</View>
`;
